---
source: sorm-tests/tests/query_relate.rs
expression: result
---
[]
