---
source: sorm-tests/tests/test_query_strings.rs
expression: "&query.get_bindings().len()"
---
7
